// Jest Snapshot v1, https://goo.gl/fbAQLP

exports[`walker walk should return list of all files in directory 1`] = `
Array [
  "test_integration\\\\util\\\\walking_test\\\\a.js",
  "test_integration\\\\util\\\\walking_test\\\\directory\\\\b.jsx",
  "test_integration\\\\util\\\\walking_test\\\\directory\\\\e.tsx",
  "test_integration\\\\util\\\\walking_test\\\\f.ts",
]
`;
